<html>
<body>
<pre>
<h1>µVision Build Log</h1>
<h2>Tool Versions:</h2>
IDE-Version: µVision V5.20.0.0
Copyright (C) 2016 ARM Ltd and ARM Germany GmbH. All rights reserved.
License Information: Eder Andrade, Manteiga, LIC=----
 
Tool Versions:
Toolchain:       MDK-Lite  Version: 5.20
Toolchain Path:  C:\Keil_v5\ARM\ARMCC\Bin
C Compiler:      Armcc.exe V5.06 update 2 (build 183)
Assembler:       Armasm.exe V5.06 update 2 (build 183)
Linker/Locator:  ArmLink.exe V5.06 update 2 (build 183)
Library Manager: ArmAr.exe V5.06 update 2 (build 183)
Hex Converter:   FromElf.exe V5.06 update 2 (build 183)
CPU DLL:         SARMCM3.DLL V5.20
Dialog DLL:      DARMCM1.DLL V1.14.0.0
Target DLL:      STLink\ST-LINKIII-KEIL_SWO.dll V2.0.18.0
Dialog DLL:      TARMCM1.DLL V1.10.0.0
 
<h2>Project:</h2>
C:\Users\Eder Andrade\Desktop\GitHub\BSP_TotenBoard\MDK-ARM\TotenBoard.uvprojx
Project File Date:  08/08/2017

<h2>Output:</h2>
*** Using Compiler 'V5.06 update 2 (build 183)', folder: 'C:\Keil_v5\ARM\ARMCC\Bin'
Rebuild target 'TotenBoard Configuration'
compiling main.c...
compiling stm32f0xx_hal_msp.c...
compiling stm32f0xx_it.c...
assembling startup_stm32f051x8.s...
compiling system_stm32f0xx.c...
compiling TotenBoard.c...
compiling stm32f0xx_hal_cortex.c...
compiling stm32f0xx_hal_dma.c...
compiling stm32f0xx_hal_uart.c...
compiling stm32f0xx_hal_gpio.c...
compiling stm32f0xx_hal.c...
compiling stm32f0xx_hal_pwr.c...
compiling stm32f0xx_hal_rcc.c...
compiling stm32f0xx_hal_flash_ex.c...
compiling stm32f0xx_hal_pwr_ex.c...
compiling stm32f0xx_hal_rcc_ex.c...
compiling stm32f0xx_hal_flash.c...
compiling stm32f0xx_hal_uart_ex.c...
compiling stm32f0xx_hal_adc_ex.c...
compiling stm32f0xx_hal_adc.c...
linking...
Program Size: Code=8284 RO-data=300 RW-data=152 ZI-data=1216  
"TotenBoard Configuration/\.axf" - 0 Error(s), 0 Warning(s).

<h2>Software Packages used:</h2>

Package Vendor: ARM
                http://www.keil.com/pack/ARM.CMSIS.5.0.0-Beta4.pack
                ARM::CMSIS:CORE:5.0.0
                CMSIS (Cortex Microcontroller Software Interface Standard)
   * Component: CORE Version: 5.0.0

<h2>Collection of Component include folders:</h2>
  C:\Users\Eder Andrade\Desktop\GitHub\BSP_TotenBoard\MDK-ARM\RTE
  C:\Keil_v5\ARM\PACK\ARM\CMSIS\5.0.0-Beta4\CMSIS\Include
  C:\Keil_v5\ARM\PACK\Keil\STM32F0xx_DFP\1.5.0\Device\Include

<h2>Collection of Component Files used:</h2>

   * Component: ARM::CMSIS:CORE:5.0.0
Build Time Elapsed:  00:00:17
</pre>
</body>
</html>
